2026.05.30 06:48:49 INFO  Started: Metals version 1.6.5 in folders 'C:\Users\ASUS\Videos\Bibliotheque_UNZ\projet_final_v2' for client Visual Studio Code 1.122.1.
2026.05.30 06:48:57 INFO  Memory monitor started
2026.05.30 06:49:04 WARN  Using H2 2.4.240 which is newer than the version Flyway has been verified with. The latest verified version of H2 is 2.3.232.
2026.05.30 13:46:55 WARN  no build target for: C:\Users\ASUS\Videos\Bibliotheque_UNZ\projet_final_v2\backend\src\main\java\com\unz\bibliotheque\controller\DashboardController.java
2026.05.30 14:25:36 INFO  Started: Metals version 1.6.5 in folders 'C:\Users\ASUS\Videos\Bibliotheque_UNZ\projet_final_v2' for client Visual Studio Code 1.122.1.
2026.05.30 14:25:36 INFO  Memory monitor started
2026.05.30 14:25:43 WARN  Using H2 2.4.240 which is newer than the version Flyway has been verified with. The latest verified version of H2 is 2.3.232.
mai 30, 2026 2:27:13 PM org.eclipse.lsp4j.jsonrpc.RemoteEndpoint handleCancellation
AVERTISSEMENT: Unmatched cancel notification for request id 2
mai 30, 2026 2:27:13 PM org.eclipse.lsp4j.jsonrpc.RemoteEndpoint handleCancellation
AVERTISSEMENT: Unmatched cancel notification for request id 3
mai 30, 2026 2:27:13 PM org.eclipse.lsp4j.jsonrpc.RemoteEndpoint handleCancellation
AVERTISSEMENT: Unmatched cancel notification for request id 7
mai 30, 2026 2:48:24 PM org.eclipse.lsp4j.jsonrpc.services.GenericEndpoint notify
INFOS: Unsupported notification method: $/setTrace
2026.05.30 16:20:21 INFO  Started: Metals version 1.6.5 in folders 'C:\Users\ASUS\Videos\Bibliotheque_UNZ\projet_final_v2' for client Visual Studio Code 1.122.1.
2026.05.30 16:20:22 INFO  time: initialize in 0.17s
2026.05.30 16:20:26 INFO  Memory monitor started
2026.05.30 16:20:37 WARN  Using H2 2.4.240 which is newer than the version Flyway has been verified with. The latest verified version of H2 is 2.3.232.
2026.05.30 16:20:40 INFO  no build target found for C:\Users\ASUS\Videos\Bibliotheque_UNZ\projet_final_v2\backend\src\test\java\com\unz\bibliotheque\controller\AuthControllerTest.java. Using fallback presentation compiler.
2026.05.30 16:21:09 WARN  no build target for: C:\Users\ASUS\Videos\Bibliotheque_UNZ\projet_final_v2\backend\src\test\java\com\unz\bibliotheque\controller\AuthControllerTest.java
2026.05.30 16:21:14 INFO  time: code lens generation in 5.37s
2026.05.30 16:22:51 INFO  no build target found for C:\Users\ASUS\Videos\Bibliotheque_UNZ\projet_final_v2\backend\src\test\java\com\unz\bibliotheque\controller\AuthControllerTest.java. Using fallback presentation compiler.
2026.05.30 16:23:24 INFO  no build target found for C:\Users\ASUS\Videos\Bibliotheque_UNZ\projet_final_v2\backend\src\test\java\com\unz\bibliotheque\controller\AuthControllerTest.java. Using fallback presentation compiler.
2026.05.30 16:24:14 WARN  no build target for: C:\Users\ASUS\Videos\Bibliotheque_UNZ\projet_final_v2\backend\src\test\java\com\unz\bibliotheque\controller\AuthControllerTest.java
2026.05.30 16:24:14 INFO  no build target found for C:\Users\ASUS\Videos\Bibliotheque_UNZ\projet_final_v2\backend\src\test\java\com\unz\bibliotheque\controller\AuthControllerTest.java. Using fallback presentation compiler.
2026.05.30 16:24:51 INFO  no build target found for C:\Users\ASUS\Videos\Bibliotheque_UNZ\projet_final_v2\backend\src\test\java\com\unz\bibliotheque\controller\AuthControllerTest.java. Using fallback presentation compiler.
mai 30, 2026 4:25:35 PM org.eclipse.lsp4j.jsonrpc.RemoteEndpoint handleCancellation
AVERTISSEMENT: Unmatched cancel notification for request id 20
2026.05.30 19:26:30 INFO  Started: Metals version 1.6.5 in folders 'C:\Users\ASUS\Videos\Bibliotheque_UNZ\projet_final_v2' for client Visual Studio Code 1.122.1.
2026.05.30 19:26:30 INFO  time: initialize in 0.16s
2026.05.30 19:26:44 INFO  Memory monitor started
2026.05.30 19:27:29 WARN  Using H2 2.4.240 which is newer than the version Flyway has been verified with. The latest verified version of H2 is 2.3.232.
2026.05.30 19:27:35 INFO  no build target found for C:\Users\ASUS\Videos\Bibliotheque_UNZ\projet_final_v2\backend\src\test\java\com\unz\bibliotheque\controller\AuthControllerTest.java. Using fallback presentation compiler.
2026.05.30 19:28:15 WARN  no build target for: C:\Users\ASUS\Videos\Bibliotheque_UNZ\projet_final_v2\backend\src\test\java\com\unz\bibliotheque\controller\AuthControllerTest.java
2026.05.30 19:28:17 INFO  time: code lens generation in 2.19s
2026.05.30 19:30:55 INFO  no build target found for C:\Users\ASUS\Videos\Bibliotheque_UNZ\projet_final_v2\backend\src\test\java\com\unz\bibliotheque\controller\AuthControllerTest.java. Using fallback presentation compiler.
2026.05.30 20:01:09 INFO  Started: Metals version 1.6.5 in folders 'C:\Users\ASUS\Videos\Bibliotheque_UNZ\projet_final_v2' for client Visual Studio Code 1.122.1.
2026.05.30 20:01:09 INFO  time: initialize in 0.14s
2026.05.30 20:01:09 INFO  Memory monitor started
2026.05.30 20:01:22 WARN  Using H2 2.4.240 which is newer than the version Flyway has been verified with. The latest verified version of H2 is 2.3.232.
2026.05.30 20:47:10 INFO  Started: Metals version 1.6.5 in folders 'C:\Users\ASUS\Videos\Bibliotheque_UNZ\projet_final_v2' for client Visual Studio Code 1.122.1.
2026.05.30 20:47:10 INFO  time: initialize in 0.46s
2026.05.30 20:47:15 INFO  Memory monitor started
2026.05.30 20:47:26 WARN  Using H2 2.4.240 which is newer than the version Flyway has been verified with. The latest verified version of H2 is 2.3.232.
mai 30, 2026 9:18:26 PM org.eclipse.lsp4j.jsonrpc.services.GenericEndpoint notify
INFOS: Unsupported notification method: $/setTrace
2026.05.31 00:42:37 WARN  no build target for: C:\Users\ASUS\Videos\Bibliotheque_UNZ\projet_final_v2\backend\src\test\java\com\unz\bibliotheque\controller\AuthControllerTest.java
